// Jest Snapshot v1, https://goo.gl/fbAQLP

exports[`Pruebas en <FirstApp /> debe hacer match con el snapshot 1`] = `
<div>
  <h1
    data-testid="test-title"
  >
     
    Hola, Soy Goku
     
  </h1>
  <h2>
    No hay subtitulo
  </h2>
  <h2>
    No hay subtitulo
  </h2>
  <h3>
    Kevin Ore
  </h3>
</div>
`;
